Package file_picker:linux references file_picker:linux as the default plugin, but it does not provide an inline implementation.
Ask the maintainers of file_picker to either avoid referencing a default implementation via `platforms: linux: default_package: file_picker` or add an inline implementation to file_picker via `platforms: linux:` `pluginClass` or `dartPluginClass`.

Package file_picker:macos references file_picker:macos as the default plugin, but it does not provide an inline implementation.
Ask the maintainers of file_picker to either avoid referencing a default implementation via `platforms: macos: default_package: file_picker` or add an inline implementation to file_picker via `platforms: macos:` `pluginClass` or `dartPluginClass`.

Package file_picker:windows references file_picker:windows as the default plugin, but it does not provide an inline implementation.
Ask the maintainers of file_picker to either avoid referencing a default implementation via `platforms: windows: default_package: file_picker` or add an inline implementation to file_picker via `platforms: windows:` `pluginClass` or `dartPluginClass`.

Package file_picker:linux references file_picker:linux as the default plugin, but it does not provide an inline implementation.
Ask the maintainers of file_picker to either avoid referencing a default implementation via `platforms: linux: default_package: file_picker` or add an inline implementation to file_picker via `platforms: linux:` `pluginClass` or `dartPluginClass`.

Package file_picker:macos references file_picker:macos as the default plugin, but it does not provide an inline implementation.
Ask the maintainers of file_picker to either avoid referencing a default implementation via `platforms: macos: default_package: file_picker` or add an inline implementation to file_picker via `platforms: macos:` `pluginClass` or `dartPluginClass`.

Package file_picker:windows references file_picker:windows as the default plugin, but it does not provide an inline implementation.
Ask the maintainers of file_picker to either avoid referencing a default implementation via `platforms: windows: default_package: file_picker` or add an inline implementation to file_picker via `platforms: windows:` `pluginClass` or `dartPluginClass`.

Package file_picker:linux references file_picker:linux as the default plugin, but it does not provide an inline implementation.
Ask the maintainers of file_picker to either avoid referencing a default implementation via `platforms: linux: default_package: file_picker` or add an inline implementation to file_picker via `platforms: linux:` `pluginClass` or `dartPluginClass`.

Package file_picker:macos references file_picker:macos as the default plugin, but it does not provide an inline implementation.
Ask the maintainers of file_picker to either avoid referencing a default implementation via `platforms: macos: default_package: file_picker` or add an inline implementation to file_picker via `platforms: macos:` `pluginClass` or `dartPluginClass`.

Package file_picker:windows references file_picker:windows as the default plugin, but it does not provide an inline implementation.
Ask the maintainers of file_picker to either avoid referencing a default implementation via `platforms: windows: default_package: file_picker` or add an inline implementation to file_picker via `platforms: windows:` `pluginClass` or `dartPluginClass`.

Package file_picker:linux references file_picker:linux as the default plugin, but it does not provide an inline implementation.
Ask the maintainers of file_picker to either avoid referencing a default implementation via `platforms: linux: default_package: file_picker` or add an inline implementation to file_picker via `platforms: linux:` `pluginClass` or `dartPluginClass`.

Package file_picker:macos references file_picker:macos as the default plugin, but it does not provide an inline implementation.
Ask the maintainers of file_picker to either avoid referencing a default implementation via `platforms: macos: default_package: file_picker` or add an inline implementation to file_picker via `platforms: macos:` `pluginClass` or `dartPluginClass`.

Package file_picker:windows references file_picker:windows as the default plugin, but it does not provide an inline implementation.
Ask the maintainers of file_picker to either avoid referencing a default implementation via `platforms: windows: default_package: file_picker` or add an inline implementation to file_picker via `platforms: windows:` `pluginClass` or `dartPluginClass`.

Compiling lib/main.dart for the Web...                          
Wasm dry run findings:
Found incompatibilities with WebAssembly.

package:file_picker/_internal/file_picker_web.dart 2:1 - dart:html unsupported (0)
package:flutter_secure_storage_web/flutter_secure_storage_web.dart 5:1 - dart:html unsupported (0)
package:flutter_secure_storage_web/flutter_secure_storage_web.dart 6:1 - dart:js_util unsupported (15)
package:share_plus/src/share_plus_web.dart 1:1 - dart:html unsupported (0)
package:connectivity_plus/src/web/dart_html_connectivity_plugin.dart 2:1 - dart:html unsupported (0)
package:flutter_secure_storage_web/src/subtle.dart 21:1 - dart:html unsupported (0)
package:flutter_secure_storage_web/src/subtle.dart 22:1 - dart:js_util unsupported (15)
package:flutter_secure_storage_web/src/subtle.dart 26:1 - package:js/js.dart unsupported (14)

Consider addressing these issues to enable wasm builds. See docs for more info: https://docs.flutter.dev/platform-integration/web/wasm

Use --no-wasm-dry-run to disable these warnings.
Target dart2js failed: ProcessException: Process exited abnormally with exit code 1:
lib/app/app.dart:3:8:
Error: Error when reading 'lib/app/core/theme/app_theme.dart': Error reading 'lib/app/core/theme/app_theme.dart'  (No such file or directory)
import 'core/theme/app_theme.dart';
       ^
lib/app/app.dart:4:8:
Error: Error when reading 'lib/app/core/routes/app_router.dart': Error reading 'lib/app/core/routes/app_router.dart'  (No such file or directory)
import 'core/routes/app_router.dart';
       ^
lib/app/app.dart:5:8:
Error: Error when reading 'lib/app/features/auth/presentation/bloc/auth_bloc.dart': Error reading 'lib/app/features/auth/presentation/bloc/auth_bloc.dart'  (No such file or directory)
import 'features/auth/presentation/bloc/auth_bloc.dart';
       ^
lib/app/app.dart:14:37:
Error: The method 'AuthBloc' isn't defined for the type 'OrnateAgroApp'.
 - 'OrnateAgroApp' is from 'package:ornate_agro/app/app.dart' ('lib/app/app.dart').
        BlocProvider(create: (_) => AuthBloc()),
                                    ^^^^^^^^
lib/app/app.dart:14:9:
Error: Inferred type argument 'dynamic' doesn't conform to the bound 'StateStreamableSource<Object?>' of the type variable 'T' on 'BlocProvider'.
 - 'StateStreamableSource' is from 'package:bloc/src/bloc.dart' ('../.pub-cache/hosted/pub.dev/bloc-8.1.4/lib/src/bloc.dart').
 - 'Object' is from 'dart:core'.
        BlocProvider(create: (_) => AuthBloc()),
        ^
../.pub-cache/hosted/pub.dev/flutter_bloc-8.1.6/lib/src/bloc_provider.dart:34:20:
Info: This is the type variable whose bound isn't conformed to.
class BlocProvider<T extends StateStreamableSource<Object?>>
                   ^
lib/app/app.dart:19:16:
Error: The getter 'AppTheme' isn't defined for the type 'OrnateAgroApp'.
 - 'OrnateAgroApp' is from 'package:ornate_agro/app/app.dart' ('lib/app/app.dart').
        theme: AppTheme.light,
               ^^^^^^^^
lib/app/app.dart:20:26:
Error: The getter 'AppRouter' isn't defined for the type 'OrnateAgroApp'.
 - 'OrnateAgroApp' is from 'package:ornate_agro/app/app.dart' ('lib/app/app.dart').
        onGenerateRoute: AppRouter.onGenerateRoute,
                         ^^^^^^^^^
lib/app/app.dart:21:23:
Error: The getter 'AppRouter' isn't defined for the type 'OrnateAgroApp'.
 - 'OrnateAgroApp' is from 'package:ornate_agro/app/app.dart' ('lib/app/app.dart').
        initialRoute: AppRouter.login,
                      ^^^^^^^^^
Error: Compilation failed.
  Command: /home/sanket/snap/flutter/common/flutter/bin/cache/dart-sdk/bin/dart compile js --platform-binaries=/home/sanket/snap/flutter/common/flutter/bin/cache/flutter_web_sdk/kernel --invoker=flutter_tool -Ddart.vm.product=true -DFLUTTER_VERSION=3.41.2 -DFLUTTER_CHANNEL=stable -DFLUTTER_GIT_URL=https://github.com/flutter/flutter.git -DFLUTTER_FRAMEWORK_REVISION=90673a4eef -DFLUTTER_ENGINE_REVISION=6c0baaebf7 -DFLUTTER_DART_VERSION=3.11.0 -DFLUTTER_WEB_USE_SKIA=true -DFLUTTER_WEB_USE_SKWASM=false -DFLUTTER_WEB_CANVASKIT_URL=https://www.gstatic.com/flutter-canvaskit/6c0baaebf70e0148f485f27d5616b3d3382da7bf/ --native-null-assertions --no-source-maps -O4 --minify -o /home/sanket/Ornate-Agro/.dart_tool/flutter_build/32ec50231906dd9bfe54c71717a7b3fc/app.dill --packages=/home/sanket/Ornate-Agro/.dart_tool/package_config.json --cfe-only /home/sanket/Ornate-Agro/.dart_tool/flutter_build/32ec50231906dd9bfe54c71717a7b3fc/main.dart
#0      RunResult.throwException (package:flutter_tools/src/base/process.dart:153:5)
#1      _DefaultProcessUtils.run (package:flutter_tools/src/base/process.dart:379:19)
<asynchronous suspension>
#2      Dart2JSTarget.build (package:flutter_tools/src/build_system/targets/web.dart:208:5)
<asynchronous suspension>
#3      _BuildInstance._invokeInternal (package:flutter_tools/src/build_system/build_system.dart:937:9)
<asynchronous suspension>
#4      Future.wait.<anonymous closure> (dart:async/future.dart:546:21)
<asynchronous suspension>
#5      _BuildInstance.invokeTarget (package:flutter_tools/src/build_system/build_system.dart:875:32)
<asynchronous suspension>
#6      Future.wait.<anonymous closure> (dart:async/future.dart:546:21)
<asynchronous suspension>
#7      _BuildInstance.invokeTarget (package:flutter_tools/src/build_system/build_system.dart:875:32)
<asynchronous suspension>
#8      FlutterBuildSystem.build (package:flutter_tools/src/build_system/build_system.dart:684:16)
<asynchronous suspension>
#9      WebBuilder.buildWeb (package:flutter_tools/src/web/compile.dart:107:34)
<asynchronous suspension>
#10     BuildWebCommand.runCommand (package:flutter_tools/src/commands/build_web.dart:300:5)
<asynchronous suspension>
#11     FlutterCommand.run.<anonymous closure> (package:flutter_tools/src/runner/flutter_command.dart:1590:27)
<asynchronous suspension>
#12     AppContext.run.<anonymous closure> (package:flutter_tools/src/base/context.dart:154:19)
<asynchronous suspension>
#13     CommandRunner.runCommand (package:args/command_runner.dart:212:13)
<asynchronous suspension>
#14     FlutterCommandRunner.runCommand.<anonymous closure> (package:flutter_tools/src/runner/flutter_command_runner.dart:496:9)
<asynchronous suspension>
#15     AppContext.run.<anonymous closure> (package:flutter_tools/src/base/context.dart:154:19)
<asynchronous suspension>
#16     FlutterCommandRunner.runCommand (package:flutter_tools/src/runner/flutter_command_runner.dart:431:5)
<asynchronous suspension>
#17     FlutterCommandRunner.run.<anonymous closure> (package:flutter_tools/src/runner/flutter_command_runner.dart:307:33)
<asynchronous suspension>
#18     run.<anonymous closure>.<anonymous closure> (package:flutter_tools/runner.dart:104:11)
<asynchronous suspension>
#19     AppContext.run.<anonymous closure> (package:flutter_tools/src/base/context.dart:154:19)
<asynchronous suspension>
#20     main (package:flutter_tools/executable.dart:103:3)
<asynchronous suspension>

Compiling lib/main.dart for the Web...                             22.5s
Error: Failed to compile application for the Web.
